     1                                  bits 32                         
     2                                  segment code use32 public code
     3                                  global minim_modul
     4                                  global to_hexa
     5                                  
     6                                      minim_modul:
     7                                      
     8 00000000 8B442404                        mov eax, [esp + 4]
     9                                          cmp eax, dword [minim]
     9          ******************       error: symbol `minim' undefined
    10 00000004 7D0B                            jge gr_equal
    11                                              
    12                                          mov [minim], eax
    12          ******************       error: symbol `minim' undefined
    13                                          
    14                                          gr_equal:
    15 00000006 C20400                              ret 4
    16                                          
    17                                      to_hexa:
    18 00000009 8B442404                        mov eax, [esp + 4]
    19 0000000D 99                              cdq
    20 0000000E 31F6                            xor esi,esi
    21                                          repeta_rest:
    22 00000010 BB10000000                          mov ebx, 16
    23 00000015 F7FB                                idiv ebx
    24                                              mov dword[minim + esi], edx    
    24          ******************       error: symbol `minim' undefined
    25 00000017 99                                  cdq    
    26 00000018 83F800                              cmp eax, 0
    27 0000001B 7412                                je equal
    28 0000001D 46                                  inc esi
    29                                          equal:
    30 0000001E C20400                              ret 4
    31                                          
    32                                          
